Enter student info. To exit press q, then enter
Enter student info. To exit press q, then enter
Enter student info. To exit press q, then enter
Enter student info. To exit press q, then enter
Enter student info. To exit press q, then enter
Enter student info. To exit press q, then enter
3865214775	Harry Potter	50	24	England	Hogwarts	
3888914775	Itzel Gardner	21	26	Iran	Tehran	
3888914775	Joe Mama	63	42	Internet	Reddit	
3642414773	Mary Poppins	97	28	England	London	
3863314775	Moshe Katz	24	26	Israel	Hiding	
