Enter student info. To exit press q, then enter
Enter student info. To exit press q, then enter
Enter student info. To exit press q, then enter
Enter student info. To exit press q, then enter
Enter student info. To exit press q, then enter
Enter student info. To exit press q, then enter
3865214775	Harry Potter	100	50	England	Hogwarts	
3888914775	Itzel Gardner	0	18	Iran	Tehran	
3888914775	Joe Mama	100	18	Internet	Reddit	
3642414773	Mary Poppins	100	120	England	London	
3863314775	Moshe Katz	0	120	Israel	Hiding	
