Enter student info. To exit press q, then enter
Enter student info. To exit press q, then enter
Enter student info. To exit press q, then enter
Enter student info. To exit press q, then enter
Enter student info. To exit press q, then enter
Enter student info. To exit press q, then enter
3888914775	a	100	18	Internet	Reddit	
3888914775	a	0	18	Iran	Tehran	
3642414773	b	100	120	England	London	
3865214775	c	100	50	England	Hogwarts	
3863314775	d	0	120	Israel	Hiding	
