Enter student info. To exit press q, then enter
Enter student info. To exit press q, then enter
best student info is: 3888914775	Itzel Gardner	21	26	Iran	Tehran	
