Enter student info. To exit press q, then enter
Enter student info. To exit press q, then enter
Enter student info. To exit press q, then enter
Enter student info. To exit press q, then enter
Enter student info. To exit press q, then enter
Enter student info. To exit press q, then enter
best student info is: 3642414773	Mary Poppins	97	28	England	London	
