Enter student info. To exit press q, then enter
Enter student info. To exit press q, then enter
Enter student info. To exit press q, then enter
Enter student info. To exit press q, then enter
Enter student info. To exit press q, then enter
Enter student info. To exit press q, then enter
best student info is: 3888914775	Joe Mama	100	18	Internet	Reddit	
